To honour the JVM settings for this build a single-use Daemon process will be forked. For more on this, please refer to https://docs.gradle.org/9.3.1/userguide/gradle_daemon.html#sec:disabling_the_daemon in the Gradle documentation.
Daemon will be stopped at the end of the build 
Reusing configuration cache.
> Task :app:processTestResources NO-SOURCE
> Task :app:processResources UP-TO-DATE

> Task :app:compileJava
.\gradlew.bat : D:\codes\ce\app\src\main\java\org\ce\workbench\backend\job\CVMC
alculationJob.java:85: warning: [removal] CVMExecutor in 
org.ce.workbench.util.cvm has been deprecated and marked for removal
At line:1 char:1
+ .\gradlew.bat build --no-daemon 2>&1 > build_output.txt; Get-Content  ...
+ ~~~~~~~~~~~~~~~~~~~~~~~~~~~~~~~~~~~~~~~~~~~~~~~~~~~~~~~
    + CategoryInfo          : NotSpecified: (D:\codes\ce\app...ked for removal 
   :String) [], RemoteException
    + FullyQualifiedErrorId : NativeCommandError
 
            result = CVMExecutor.executeCVM(context, bridgeListener);
                     ^
D:\codes\ce\app\src\main\java\org\ce\workbench\backend\job\MCSCalculationJob.ja
va:115: warning: [removal] MCSExecutor in org.ce.workbench.util.mcs has been 
deprecated and marked for removal
            result = MCSExecutor.executeMCS(context, bridgeListener, () -> 
cancelled);
                     ^
D:\codes\ce\app\src\main\java\org\ce\workbench\util\cvm\CVMPhaseModelExecutor.j
ava:44: error: cannot find symbol
            listener.logMessage("  G (Gibbs Energy):    " + 
String.format("%.8e", state.gibbsEnergy));
                                                                               
        ^
  symbol:   variable gibbsEnergy
  location: variable state of type EquilibriumState
D:\codes\ce\app\src\main\java\org\ce\workbench\util\cvm\CVMPhaseModelExecutor.j
ava:45: error: cannot find symbol
            listener.logMessage("  H (Enthalpy):        " + 
String.format("%.8e", state.enthalpy));
                                                                               
        ^
  symbol:   variable enthalpy
  location: variable state of type EquilibriumState
D:\codes\ce\app\src\main\java\org\ce\workbench\util\cvm\CVMPhaseModelExecutor.j
ava:46: error: cannot find symbol
            listener.logMessage("  S (Entropy):         " + 
String.format("%.8e", state.entropy));
                                                                               
        ^
  symbol:   variable entropy
  location: variable state of type EquilibriumState
D:\codes\ce\app\src\main\java\org\ce\workbench\util\cvm\CVMPhaseModelExecutor.j
ava:47: error: cannot find symbol
            listener.logMessage("  Convergence Status:  " + 
state.convergenceStatus);
                                                                 ^
  symbol:   variable convergenceStatus
  location: variable state of type EquilibriumState
D:\codes\ce\app\src\main\java\org\ce\workbench\util\cvm\CVMPhaseModelExecutor.j
ava:49: error: cannot find symbol
            listener.logMessage("  Gradient Norm:       " + 
String.format("%.6e", state.gradientNorm));
                                                                               
        ^
  symbol:   variable gradientNorm
  location: variable state of type EquilibriumState
D:\codes\ce\app\src\main\java\org\ce\workbench\util\cvm\CVMPhaseModelExecutor.j
ava:88: error: cannot find symbol
                listener.logMessage(parameterName + ": G=" + 
String.format("%.8e", state.gibbsEnergy) +
                                                                               
         ^
  symbol:   variable gibbsEnergy
  location: variable state of type EquilibriumState
D:\codes\ce\app\src\main\java\org\ce\workbench\util\cvm\CVMPhaseModelExecutor.j
ava:89: error: cannot find symbol
                    " converged=" + state.isConverged);
                                         ^
  symbol:   variable isConverged
  location: variable state of type EquilibriumState
Note: Some input files use unchecked or unsafe operations.
Note: Recompile with -Xlint:unchecked for details.
7 errors
2 warnings

> Task :app:compileJava FAILED

[Incubating] Problems report is available at: file:///D:/codes/ce/build/reports/problems/problems-report.html

FAILURE: Build failed with an exception.

* What went wrong:
Execution failed for task ':app:compileJava'.
> Compilation failed; see the compiler output below.
  D:\codes\ce\app\src\main\java\org\ce\workbench\util\cvm\CVMPhaseModelExecutor
.java:44: error: cannot find symbol
              listener.logMessage("  G (Gibbs Energy):    " + 
String.format("%.8e", state.gibbsEnergy));
                                                                               
          ^
    symbol:   variable gibbsEnergy
    location: variable state of type EquilibriumState
  D:\codes\ce\app\src\main\java\org\ce\workbench\util\cvm\CVMPhaseModelExecutor
.java:45: error: cannot find symbol
              listener.logMessage("  H (Enthalpy):        " + 
String.format("%.8e", state.enthalpy));
                                                                               
          ^
    symbol:   variable enthalpy
    location: variable state of type EquilibriumState
  D:\codes\ce\app\src\main\java\org\ce\workbench\util\cvm\CVMPhaseModelExecutor
.java:46: error: cannot find symbol
              listener.logMessage("  S (Entropy):         " + 
String.format("%.8e", state.entropy));
                                                                               
          ^
    symbol:   variable entropy
    location: variable state of type EquilibriumState
  D:\codes\ce\app\src\main\java\org\ce\workbench\util\cvm\CVMPhaseModelExecutor
.java:47: error: cannot find symbol
              listener.logMessage("  Convergence Status:  " + 
state.convergenceStatus);
                                                                   ^
    symbol:   variable convergenceStatus
    location: variable state of type EquilibriumState
  D:\codes\ce\app\src\main\java\org\ce\workbench\util\cvm\CVMPhaseModelExecutor
.java:49: error: cannot find symbol
              listener.logMessage("  Gradient Norm:       " + 
String.format("%.6e", state.gradientNorm));
                                                                               
          ^
    symbol:   variable gradientNorm
    location: variable state of type EquilibriumState
  D:\codes\ce\app\src\main\java\org\ce\workbench\util\cvm\CVMPhaseModelExecutor
.java:88: error: cannot find symbol
                  listener.logMessage(parameterName + ": G=" + 
String.format("%.8e", state.gibbsEnergy) +
                                                                               
           ^
    symbol:   variable gibbsEnergy
    location: variable state of type EquilibriumState
  D:\codes\ce\app\src\main\java\org\ce\workbench\util\cvm\CVMPhaseModelExecutor
.java:89: error: cannot find symbol
                      " converged=" + state.isConverged);
                                           ^
    symbol:   variable isConverged
    location: variable state of type EquilibriumState
  Note: Recompile with -Xlint:unchecked for details.
  D:\codes\ce\app\src\main\java\org\ce\workbench\backend\job\CVMCalculationJob.
java:85: warning: [removal] CVMExecutor in org.ce.workbench.util.cvm has been 
deprecated and marked for removal
              result = CVMExecutor.executeCVM(context, bridgeListener);
                       ^
  D:\codes\ce\app\src\main\java\org\ce\workbench\backend\job\MCSCalculationJob.
java:115: warning: [removal] MCSExecutor in org.ce.workbench.util.mcs has been 
deprecated and marked for removal
              result = MCSExecutor.executeMCS(context, bridgeListener, () -> 
cancelled);
                       ^
  Note: Some input files use unchecked or unsafe operations.
  7 errors
  2 warnings

* Try:
> Check your code and dependencies to fix the compilation error(s)
> Run with --scan to get full insights from a Build Scan (powered by 
Develocity).

BUILD FAILED in 13s
2 actionable tasks: 1 executed, 1 up-to-date
Configuration cache entry reused.
